
sourcing "nvim_exec2()"
finished sourcing nvim_exec2()
sourcing "/usr/share/nvim/runtime/ftplugin.vim"
finished sourcing /usr/share/nvim/runtime/ftplugin.vim
sourcing "/usr/share/nvim/runtime/indent.vim"
finished sourcing /usr/share/nvim/runtime/indent.vim
sourcing "/etc/xdg/nvim/sysinit.vim"
line 1: sourcing "/usr/share/nvim/archlinux.lua"
finished sourcing /usr/share/nvim/archlinux.lua
continuing in /etc/xdg/nvim/sysinit.vim
finished sourcing /etc/xdg/nvim/sysinit.vim
sourcing "/home/dan/.config/nvim/init.lua"
Reading spell file "/usr/share/nvim/runtime/spell/en.utf-8.spl"
not found in runtime path: "spell/en.utf-8.add.spl"
line 0: sourcing "nvim_exec2() called at /home/dan/.dotfiles/nvim/init.lua:0"
finished sourcing nvim_exec2() called at /home/dan/.dotfiles/nvim/init.lua:0
continuing in /home/dan/.dotfiles/nvim/init.lua
line 0: sourcing "nvim_exec2() called at /home/dan/.dotfiles/nvim/init.lua:0"
finished sourcing nvim_exec2() called at /home/dan/.dotfiles/nvim/init.lua:0
continuing in /home/dan/.dotfiles/nvim/init.lua
line 0: sourcing "nvim_exec2() called at /home/dan/.dotfiles/nvim/init.lua:0"
line 1: sourcing "/usr/share/nvim/runtime/filetype.lua"
line 0: sourcing "nvim_exec2() called at /usr/share/nvim/runtime/filetype.lua:0"
not found in runtime path: "ftdetect/*.{vim,lua}"
finished sourcing nvim_exec2() called at /usr/share/nvim/runtime/filetype.lua:0
continuing in /usr/share/nvim/runtime/filetype.lua
finished sourcing /usr/share/nvim/runtime/filetype.lua
continuing in nvim_exec2() called at /home/dan/.dotfiles/nvim/init.lua:0
finished sourcing nvim_exec2() called at /home/dan/.dotfiles/nvim/init.lua:0
continuing in /home/dan/.dotfiles/nvim/init.lua
line 0: sourcing "nvim_exec2() called at /home/dan/.dotfiles/nvim/init.lua:0"
finished sourcing nvim_exec2() called at /home/dan/.dotfiles/nvim/init.lua:0
continuing in /home/dan/.dotfiles/nvim/init.lua
line 0: sourcing "nvim_exec2() called at /home/dan/.dotfiles/nvim/init.lua:0"
finished sourcing nvim_exec2() called at /home/dan/.dotfiles/nvim/init.lua:0
continuing in /home/dan/.dotfiles/nvim/init.lua
line 0: sourcing "/home/dan/.local/share/nvim/lazy/gruvbox.nvim/colors/gruvbox.lua"
finished sourcing /home/dan/.local/share/nvim/lazy/gruvbox.nvim/colors/gruvbox.lua
continuing in /home/dan/.dotfiles/nvim/init.lua
line 0: sourcing "nvim_exec2() called at ColorScheme Autocommands for "*":0"
finished sourcing nvim_exec2() called at ColorScheme Autocommands for "*":0
continuing in ColorScheme Autocommands for "*"
line 0: sourcing "nvim_exec2() called at /home/dan/.dotfiles/nvim/init.lua:0"
line 1: sourcing "/home/dan/.local/share/nvim/lazy/vivify.vim/plugin/vivify.vim"
finished sourcing /home/dan/.local/share/nvim/lazy/vivify.vim/plugin/vivify.vim
continuing in nvim_exec2() called at /home/dan/.dotfiles/nvim/init.lua:0
finished sourcing nvim_exec2() called at /home/dan/.dotfiles/nvim/init.lua:0
continuing in /home/dan/.dotfiles/nvim/init.lua
line 0: sourcing "nvim_exec2() called at /home/dan/.dotfiles/nvim/init.lua:0"
finished sourcing nvim_exec2() called at /home/dan/.dotfiles/nvim/init.lua:0
continuing in /home/dan/.dotfiles/nvim/init.lua
line 0: sourcing "nvim_exec2() called at /home/dan/.dotfiles/nvim/init.lua:0"
finished sourcing nvim_exec2() called at /home/dan/.dotfiles/nvim/init.lua:0
continuing in /home/dan/.dotfiles/nvim/init.lua
line 0: sourcing "nvim_exec2() called at /home/dan/.dotfiles/nvim/init.lua:0"
finished sourcing nvim_exec2() called at /home/dan/.dotfiles/nvim/init.lua:0
continuing in /home/dan/.dotfiles/nvim/init.lua
line 0: sourcing "nvim_exec2() called at /home/dan/.dotfiles/nvim/init.lua:0"
finished sourcing nvim_exec2() called at /home/dan/.dotfiles/nvim/init.lua:0
continuing in /home/dan/.dotfiles/nvim/init.lua
not found in runtime path: "package.jsonc"
line 0: sourcing "nvim_exec2() called at /home/dan/.dotfiles/nvim/init.lua:0"
line 1: sourcing "/home/dan/.local/share/nvim/lazy/LuaSnip/plugin/luasnip.lua"
finished sourcing /home/dan/.local/share/nvim/lazy/LuaSnip/plugin/luasnip.lua
continuing in nvim_exec2() called at /home/dan/.dotfiles/nvim/init.lua:0
finished sourcing nvim_exec2() called at /home/dan/.dotfiles/nvim/init.lua:0
continuing in /home/dan/.dotfiles/nvim/init.lua
line 0: sourcing "nvim_exec2() called at /home/dan/.dotfiles/nvim/init.lua:0"
line 1: sourcing "/home/dan/.local/share/nvim/lazy/LuaSnip/plugin/luasnip.vim"
finished sourcing /home/dan/.local/share/nvim/lazy/LuaSnip/plugin/luasnip.vim
continuing in nvim_exec2() called at /home/dan/.dotfiles/nvim/init.lua:0
finished sourcing nvim_exec2() called at /home/dan/.dotfiles/nvim/init.lua:0
continuing in /home/dan/.dotfiles/nvim/init.lua
line 0: sourcing "nvim_exec2() called at /home/dan/.dotfiles/nvim/init.lua:0"
finished sourcing nvim_exec2() called at /home/dan/.dotfiles/nvim/init.lua:0
continuing in /home/dan/.dotfiles/nvim/init.lua
line 0: sourcing "nvim_exec2() called at /home/dan/.dotfiles/nvim/init.lua:0"
finished sourcing nvim_exec2() called at /home/dan/.dotfiles/nvim/init.lua:0
continuing in /home/dan/.dotfiles/nvim/init.lua
line 0: sourcing "nvim_exec2() called at /home/dan/.dotfiles/nvim/init.lua:0"
finished sourcing nvim_exec2() called at /home/dan/.dotfiles/nvim/init.lua:0
continuing in /home/dan/.dotfiles/nvim/init.lua
line 0: sourcing "nvim_exec2() called at /home/dan/.dotfiles/nvim/init.lua:0"
finished sourcing nvim_exec2() called at /home/dan/.dotfiles/nvim/init.lua:0
continuing in /home/dan/.dotfiles/nvim/init.lua
line 0: sourcing "nvim_exec2() called at /home/dan/.dotfiles/nvim/init.lua:0"
line 1: sourcing "/home/dan/.local/share/nvim/lazy/nvim-web-devicons/plugin/nvim-web-devicons.vim"
finished sourcing /home/dan/.local/share/nvim/lazy/nvim-web-devicons/plugin/nvim-web-devicons.vim
continuing in nvim_exec2() called at /home/dan/.dotfiles/nvim/init.lua:0
finished sourcing nvim_exec2() called at /home/dan/.dotfiles/nvim/init.lua:0
continuing in /home/dan/.dotfiles/nvim/init.lua
line 0: sourcing "nvim_exec2() called at /home/dan/.dotfiles/nvim/init.lua:0"
finished sourcing nvim_exec2() called at /home/dan/.dotfiles/nvim/init.lua:0
continuing in /home/dan/.dotfiles/nvim/init.lua
line 0: sourcing "nvim_exec2() called at /home/dan/.dotfiles/nvim/init.lua:0"
finished sourcing nvim_exec2() called at /home/dan/.dotfiles/nvim/init.lua:0
continuing in /home/dan/.dotfiles/nvim/init.lua
line 0: sourcing "nvim_exec2() called at /home/dan/.dotfiles/nvim/init.lua:0"
finished sourcing nvim_exec2() called at /home/dan/.dotfiles/nvim/init.lua:0
continuing in /home/dan/.dotfiles/nvim/init.lua
line 0: sourcing "nvim_exec2() called at /home/dan/.dotfiles/nvim/init.lua:0"
finished sourcing nvim_exec2() called at /home/dan/.dotfiles/nvim/init.lua:0
continuing in /home/dan/.dotfiles/nvim/init.lua
line 0: sourcing "nvim_exec2() called at /home/dan/.dotfiles/nvim/init.lua:0"
finished sourcing nvim_exec2() called at /home/dan/.dotfiles/nvim/init.lua:0
continuing in /home/dan/.dotfiles/nvim/init.lua
line 0: sourcing "nvim_exec2() called at /home/dan/.dotfiles/nvim/init.lua:0"
finished sourcing nvim_exec2() called at /home/dan/.dotfiles/nvim/init.lua:0
continuing in /home/dan/.dotfiles/nvim/init.lua
line 0: sourcing "nvim_exec2() called at /home/dan/.dotfiles/nvim/init.lua:0"
finished sourcing nvim_exec2() called at /home/dan/.dotfiles/nvim/init.lua:0
continuing in /home/dan/.dotfiles/nvim/init.lua
line 0: sourcing "nvim_exec2() called at /home/dan/.dotfiles/nvim/init.lua:0"
finished sourcing nvim_exec2() called at /home/dan/.dotfiles/nvim/init.lua:0
continuing in /home/dan/.dotfiles/nvim/init.lua
line 0: sourcing "nvim_exec2() called at /home/dan/.dotfiles/nvim/init.lua:0"
finished sourcing nvim_exec2() called at /home/dan/.dotfiles/nvim/init.lua:0
continuing in /home/dan/.dotfiles/nvim/init.lua
line 0: sourcing "nvim_exec2() called at /home/dan/.dotfiles/nvim/init.lua:0"
finished sourcing nvim_exec2() called at /home/dan/.dotfiles/nvim/init.lua:0
continuing in /home/dan/.dotfiles/nvim/init.lua
line 0: sourcing "nvim_exec2() called at /home/dan/.dotfiles/nvim/init.lua:0"
finished sourcing nvim_exec2() called at /home/dan/.dotfiles/nvim/init.lua:0
continuing in /home/dan/.dotfiles/nvim/init.lua
line 0: sourcing "nvim_exec2() called at /home/dan/.dotfiles/nvim/init.lua:0"
finished sourcing nvim_exec2() called at /home/dan/.dotfiles/nvim/init.lua:0
continuing in /home/dan/.dotfiles/nvim/init.lua
line 0: sourcing "nvim_exec2() called at /home/dan/.dotfiles/nvim/init.lua:0"
finished sourcing nvim_exec2() called at /home/dan/.dotfiles/nvim/init.lua:0
continuing in /home/dan/.dotfiles/nvim/init.lua
line 0: sourcing "nvim_exec2() called at /home/dan/.dotfiles/nvim/init.lua:0"
finished sourcing nvim_exec2() called at /home/dan/.dotfiles/nvim/init.lua:0
continuing in /home/dan/.dotfiles/nvim/init.lua
line 0: sourcing "nvim_exec2() called at /home/dan/.dotfiles/nvim/init.lua:0"
finished sourcing nvim_exec2() called at /home/dan/.dotfiles/nvim/init.lua:0
continuing in /home/dan/.dotfiles/nvim/init.lua
line 0: sourcing "nvim_exec2() called at /home/dan/.dotfiles/nvim/init.lua:0"
finished sourcing nvim_exec2() called at /home/dan/.dotfiles/nvim/init.lua:0
continuing in /home/dan/.dotfiles/nvim/init.lua
line 0: sourcing "nvim_exec2() called at /home/dan/.dotfiles/nvim/init.lua:0"
finished sourcing nvim_exec2() called at /home/dan/.dotfiles/nvim/init.lua:0
continuing in /home/dan/.dotfiles/nvim/init.lua
line 0: sourcing "nvim_exec2() called at /home/dan/.dotfiles/nvim/init.lua:0"
finished sourcing nvim_exec2() called at /home/dan/.dotfiles/nvim/init.lua:0
continuing in /home/dan/.dotfiles/nvim/init.lua
line 0: sourcing "nvim_exec2() called at /home/dan/.dotfiles/nvim/init.lua:0"
finished sourcing nvim_exec2() called at /home/dan/.dotfiles/nvim/init.lua:0
continuing in /home/dan/.dotfiles/nvim/init.lua
line 0: sourcing "nvim_exec2() called at /home/dan/.dotfiles/nvim/init.lua:0"
finished sourcing nvim_exec2() called at /home/dan/.dotfiles/nvim/init.lua:0
continuing in /home/dan/.dotfiles/nvim/init.lua
line 0: sourcing "nvim_exec2() called at /home/dan/.dotfiles/nvim/init.lua:0"
finished sourcing nvim_exec2() called at /home/dan/.dotfiles/nvim/init.lua:0
continuing in /home/dan/.dotfiles/nvim/init.lua
line 0: sourcing "nvim_exec2() called at /home/dan/.dotfiles/nvim/init.lua:0"
finished sourcing nvim_exec2() called at /home/dan/.dotfiles/nvim/init.lua:0
continuing in /home/dan/.dotfiles/nvim/init.lua
line 0: sourcing "nvim_exec2() called at /home/dan/.dotfiles/nvim/init.lua:0"
finished sourcing nvim_exec2() called at /home/dan/.dotfiles/nvim/init.lua:0
continuing in /home/dan/.dotfiles/nvim/init.lua
line 0: sourcing "nvim_exec2() called at /home/dan/.dotfiles/nvim/init.lua:0"
finished sourcing nvim_exec2() called at /home/dan/.dotfiles/nvim/init.lua:0
continuing in /home/dan/.dotfiles/nvim/init.lua
line 0: sourcing "nvim_exec2() called at /home/dan/.dotfiles/nvim/init.lua:0"
finished sourcing nvim_exec2() called at /home/dan/.dotfiles/nvim/init.lua:0
continuing in /home/dan/.dotfiles/nvim/init.lua
line 0: sourcing "nvim_exec2() called at /home/dan/.dotfiles/nvim/init.lua:0"
finished sourcing nvim_exec2() called at /home/dan/.dotfiles/nvim/init.lua:0
continuing in /home/dan/.dotfiles/nvim/init.lua
line 0: sourcing "nvim_exec2() called at /home/dan/.dotfiles/nvim/init.lua:0"
finished sourcing nvim_exec2() called at /home/dan/.dotfiles/nvim/init.lua:0
continuing in /home/dan/.dotfiles/nvim/init.lua
line 0: sourcing "nvim_exec2() called at /home/dan/.dotfiles/nvim/init.lua:0"
finished sourcing nvim_exec2() called at /home/dan/.dotfiles/nvim/init.lua:0
continuing in /home/dan/.dotfiles/nvim/init.lua
line 0: sourcing "nvim_exec2() called at /home/dan/.dotfiles/nvim/init.lua:0"
finished sourcing nvim_exec2() called at /home/dan/.dotfiles/nvim/init.lua:0
continuing in /home/dan/.dotfiles/nvim/init.lua
line 0: sourcing "nvim_exec2() called at /home/dan/.dotfiles/nvim/init.lua:0"
finished sourcing nvim_exec2() called at /home/dan/.dotfiles/nvim/init.lua:0
continuing in /home/dan/.dotfiles/nvim/init.lua
line 0: sourcing "nvim_exec2() called at /home/dan/.dotfiles/nvim/init.lua:0"
finished sourcing nvim_exec2() called at /home/dan/.dotfiles/nvim/init.lua:0
continuing in /home/dan/.dotfiles/nvim/init.lua
line 0: sourcing "nvim_exec2() called at /home/dan/.dotfiles/nvim/init.lua:0"
finished sourcing nvim_exec2() called at /home/dan/.dotfiles/nvim/init.lua:0
continuing in /home/dan/.dotfiles/nvim/init.lua
line 0: sourcing "nvim_exec2() called at /home/dan/.dotfiles/nvim/init.lua:0"
finished sourcing nvim_exec2() called at /home/dan/.dotfiles/nvim/init.lua:0
continuing in /home/dan/.dotfiles/nvim/init.lua
line 0: sourcing "nvim_exec2() called at /home/dan/.dotfiles/nvim/init.lua:0"
finished sourcing nvim_exec2() called at /home/dan/.dotfiles/nvim/init.lua:0
continuing in /home/dan/.dotfiles/nvim/init.lua
line 0: sourcing "nvim_exec2() called at /home/dan/.dotfiles/nvim/init.lua:0"
finished sourcing nvim_exec2() called at /home/dan/.dotfiles/nvim/init.lua:0
continuing in /home/dan/.dotfiles/nvim/init.lua
line 0: sourcing "nvim_exec2() called at /home/dan/.dotfiles/nvim/init.lua:0"
finished sourcing nvim_exec2() called at /home/dan/.dotfiles/nvim/init.lua:0
continuing in /home/dan/.dotfiles/nvim/init.lua
line 0: sourcing "nvim_exec2() called at /home/dan/.dotfiles/nvim/init.lua:0"
finished sourcing nvim_exec2() called at /home/dan/.dotfiles/nvim/init.lua:0
continuing in /home/dan/.dotfiles/nvim/init.lua
line 0: sourcing "nvim_exec2() called at /home/dan/.dotfiles/nvim/init.lua:0"
finished sourcing nvim_exec2() called at /home/dan/.dotfiles/nvim/init.lua:0
continuing in /home/dan/.dotfiles/nvim/init.lua
line 0: sourcing "nvim_exec2() called at /home/dan/.dotfiles/nvim/init.lua:0"
finished sourcing nvim_exec2() called at /home/dan/.dotfiles/nvim/init.lua:0
continuing in /home/dan/.dotfiles/nvim/init.lua
line 0: sourcing "nvim_exec2() called at /home/dan/.dotfiles/nvim/init.lua:0"
finished sourcing nvim_exec2() called at /home/dan/.dotfiles/nvim/init.lua:0
continuing in /home/dan/.dotfiles/nvim/init.lua
line 0: sourcing "nvim_exec2() called at /home/dan/.dotfiles/nvim/init.lua:0"
finished sourcing nvim_exec2() called at /home/dan/.dotfiles/nvim/init.lua:0
continuing in /home/dan/.dotfiles/nvim/init.lua
line 0: sourcing "nvim_exec2() called at /home/dan/.dotfiles/nvim/init.lua:0"
finished sourcing nvim_exec2() called at /home/dan/.dotfiles/nvim/init.lua:0
continuing in /home/dan/.dotfiles/nvim/init.lua
line 0: sourcing "nvim_exec2() called at /home/dan/.dotfiles/nvim/init.lua:0"
--- Autocommands ---
finished sourcing nvim_exec2() called at /home/dan/.dotfiles/nvim/init.lua:0
continuing in /home/dan/.dotfiles/nvim/init.lua
line 0: sourcing "nvim_exec2() called at /home/dan/.dotfiles/nvim/init.lua:0"
finished sourcing nvim_exec2() called at /home/dan/.dotfiles/nvim/init.lua:0
continuing in /home/dan/.dotfiles/nvim/init.lua
line 0: sourcing "nvim_exec2() called at /home/dan/.dotfiles/nvim/init.lua:0"
finished sourcing nvim_exec2() called at /home/dan/.dotfiles/nvim/init.lua:0
continuing in /home/dan/.dotfiles/nvim/init.lua
line 0: sourcing "nvim_exec2() called at /home/dan/.dotfiles/nvim/init.lua:0"
finished sourcing nvim_exec2() called at /home/dan/.dotfiles/nvim/init.lua:0
continuing in /home/dan/.dotfiles/nvim/init.lua
line 0: sourcing "nvim_exec2() called at /home/dan/.dotfiles/nvim/init.lua:0"
finished sourcing nvim_exec2() called at /home/dan/.dotfiles/nvim/init.lua:0
continuing in /home/dan/.dotfiles/nvim/init.lua
line 0: sourcing "nvim_exec2() called at /home/dan/.dotfiles/nvim/init.lua:0"
finished sourcing nvim_exec2() called at /home/dan/.dotfiles/nvim/init.lua:0
continuing in /home/dan/.dotfiles/nvim/init.lua
line 0: sourcing "nvim_exec2() called at /home/dan/.dotfiles/nvim/init.lua:0"
finished sourcing nvim_exec2() called at /home/dan/.dotfiles/nvim/init.lua:0
continuing in /home/dan/.dotfiles/nvim/init.lua
line 0: sourcing "nvim_exec2() called at /home/dan/.dotfiles/nvim/init.lua:0"
finished sourcing nvim_exec2() called at /home/dan/.dotfiles/nvim/init.lua:0
continuing in /home/dan/.dotfiles/nvim/init.lua
line 0: sourcing "nvim_exec2() called at /home/dan/.dotfiles/nvim/init.lua:0"
finished sourcing nvim_exec2() called at /home/dan/.dotfiles/nvim/init.lua:0
continuing in /home/dan/.dotfiles/nvim/init.lua
line 0: sourcing "nvim_exec2() called at /home/dan/.dotfiles/nvim/init.lua:0"
finished sourcing nvim_exec2() called at /home/dan/.dotfiles/nvim/init.lua:0
continuing in /home/dan/.dotfiles/nvim/init.lua
line 0: sourcing "nvim_exec2() called at /home/dan/.dotfiles/nvim/init.lua:0"
finished sourcing nvim_exec2() called at /home/dan/.dotfiles/nvim/init.lua:0
continuing in /home/dan/.dotfiles/nvim/init.lua
line 0: sourcing "nvim_exec2() called at /home/dan/.dotfiles/nvim/init.lua:0"
finished sourcing nvim_exec2() called at /home/dan/.dotfiles/nvim/init.lua:0
continuing in /home/dan/.dotfiles/nvim/init.lua
line 0: sourcing "nvim_exec2() called at /home/dan/.dotfiles/nvim/init.lua:0"
finished sourcing nvim_exec2() called at /home/dan/.dotfiles/nvim/init.lua:0
continuing in /home/dan/.dotfiles/nvim/init.lua
line 0: sourcing "nvim_exec2() called at /home/dan/.dotfiles/nvim/init.lua:0"
finished sourcing nvim_exec2() called at /home/dan/.dotfiles/nvim/init.lua:0
continuing in /home/dan/.dotfiles/nvim/init.lua
line 0: sourcing "nvim_exec2() called at /home/dan/.dotfiles/nvim/init.lua:0"
finished sourcing nvim_exec2() called at /home/dan/.dotfiles/nvim/init.lua:0
continuing in /home/dan/.dotfiles/nvim/init.lua
line 0: sourcing "nvim_exec2() called at /home/dan/.dotfiles/nvim/init.lua:0"
finished sourcing nvim_exec2() called at /home/dan/.dotfiles/nvim/init.lua:0
continuing in /home/dan/.dotfiles/nvim/init.lua
line 0: sourcing "nvim_exec2() called at /home/dan/.dotfiles/nvim/init.lua:0"
finished sourcing nvim_exec2() called at /home/dan/.dotfiles/nvim/init.lua:0
continuing in /home/dan/.dotfiles/nvim/init.lua
line 0: sourcing "nvim_exec2() called at /home/dan/.dotfiles/nvim/init.lua:0"
finished sourcing nvim_exec2() called at /home/dan/.dotfiles/nvim/init.lua:0
continuing in /home/dan/.dotfiles/nvim/init.lua
line 0: sourcing "nvim_exec2() called at /home/dan/.dotfiles/nvim/init.lua:0"
finished sourcing nvim_exec2() called at /home/dan/.dotfiles/nvim/init.lua:0
continuing in /home/dan/.dotfiles/nvim/init.lua
line 0: sourcing "nvim_exec2() called at /home/dan/.dotfiles/nvim/init.lua:0"
finished sourcing nvim_exec2() called at /home/dan/.dotfiles/nvim/init.lua:0
continuing in /home/dan/.dotfiles/nvim/init.lua
line 0: sourcing "nvim_exec2() called at /home/dan/.dotfiles/nvim/init.lua:0"
finished sourcing nvim_exec2() called at /home/dan/.dotfiles/nvim/init.lua:0
continuing in /home/dan/.dotfiles/nvim/init.lua
line 0: sourcing "nvim_exec2() called at /home/dan/.dotfiles/nvim/init.lua:0"
finished sourcing nvim_exec2() called at /home/dan/.dotfiles/nvim/init.lua:0
continuing in /home/dan/.dotfiles/nvim/init.lua
line 0: sourcing "nvim_exec2() called at /home/dan/.dotfiles/nvim/init.lua:0"
finished sourcing nvim_exec2() called at /home/dan/.dotfiles/nvim/init.lua:0
continuing in /home/dan/.dotfiles/nvim/init.lua
line 0: sourcing "nvim_exec2() called at /home/dan/.dotfiles/nvim/init.lua:0"
finished sourcing nvim_exec2() called at /home/dan/.dotfiles/nvim/init.lua:0
continuing in /home/dan/.dotfiles/nvim/init.lua
line 0: sourcing "nvim_exec2() called at /home/dan/.dotfiles/nvim/init.lua:0"
finished sourcing nvim_exec2() called at /home/dan/.dotfiles/nvim/init.lua:0
continuing in /home/dan/.dotfiles/nvim/init.lua
line 0: sourcing "nvim_exec2() called at /home/dan/.dotfiles/nvim/init.lua:0"
finished sourcing nvim_exec2() called at /home/dan/.dotfiles/nvim/init.lua:0
continuing in /home/dan/.dotfiles/nvim/init.lua
line 0: sourcing "nvim_exec2() called at /home/dan/.dotfiles/nvim/init.lua:0"
finished sourcing nvim_exec2() called at /home/dan/.dotfiles/nvim/init.lua:0
continuing in /home/dan/.dotfiles/nvim/init.lua
line 0: sourcing "nvim_exec2() called at /home/dan/.dotfiles/nvim/init.lua:0"
finished sourcing nvim_exec2() called at /home/dan/.dotfiles/nvim/init.lua:0
continuing in /home/dan/.dotfiles/nvim/init.lua
line 0: sourcing "nvim_exec2() called at /home/dan/.dotfiles/nvim/init.lua:0"
finished sourcing nvim_exec2() called at /home/dan/.dotfiles/nvim/init.lua:0
continuing in /home/dan/.dotfiles/nvim/init.lua
line 0: sourcing "nvim_exec2() called at /home/dan/.dotfiles/nvim/init.lua:0"
finished sourcing nvim_exec2() called at /home/dan/.dotfiles/nvim/init.lua:0
continuing in /home/dan/.dotfiles/nvim/init.lua
line 0: sourcing "nvim_exec2() called at /home/dan/.dotfiles/nvim/init.lua:0"
finished sourcing nvim_exec2() called at /home/dan/.dotfiles/nvim/init.lua:0
continuing in /home/dan/.dotfiles/nvim/init.lua
line 0: sourcing "nvim_exec2() called at /home/dan/.dotfiles/nvim/init.lua:0"
--- Autocommands ---
finished sourcing nvim_exec2() called at /home/dan/.dotfiles/nvim/init.lua:0
continuing in /home/dan/.dotfiles/nvim/init.lua
line 0: sourcing "nvim_exec2() called at /home/dan/.dotfiles/nvim/init.lua:0"
finished sourcing nvim_exec2() called at /home/dan/.dotfiles/nvim/init.lua:0
continuing in /home/dan/.dotfiles/nvim/init.lua
line 0: sourcing "nvim_exec2() called at /home/dan/.dotfiles/nvim/init.lua:0"
finished sourcing nvim_exec2() called at /home/dan/.dotfiles/nvim/init.lua:0
continuing in /home/dan/.dotfiles/nvim/init.lua
line 0: sourcing "nvim_exec2() called at /home/dan/.dotfiles/nvim/init.lua:0"
finished sourcing nvim_exec2() called at /home/dan/.dotfiles/nvim/init.lua:0
continuing in /home/dan/.dotfiles/nvim/init.lua
line 0: sourcing "nvim_exec2() called at /home/dan/.dotfiles/nvim/init.lua:0"
finished sourcing nvim_exec2() called at /home/dan/.dotfiles/nvim/init.lua:0
continuing in /home/dan/.dotfiles/nvim/init.lua
line 0: sourcing "nvim_exec2() called at /home/dan/.dotfiles/nvim/init.lua:0"
finished sourcing nvim_exec2() called at /home/dan/.dotfiles/nvim/init.lua:0
continuing in /home/dan/.dotfiles/nvim/init.lua
line 0: sourcing "nvim_exec2() called at /home/dan/.dotfiles/nvim/init.lua:0"
line 1: sourcing "/home/dan/.local/share/nvim/lazy/grug-far.nvim/plugin/grug-far.lua"
finished sourcing /home/dan/.local/share/nvim/lazy/grug-far.nvim/plugin/grug-far.lua
continuing in nvim_exec2() called at /home/dan/.dotfiles/nvim/init.lua:0
finished sourcing nvim_exec2() called at /home/dan/.dotfiles/nvim/init.lua:0
continuing in /home/dan/.dotfiles/nvim/init.lua
line 0: sourcing "nvim_exec2() called at /home/dan/.dotfiles/nvim/init.lua:0"
finished sourcing nvim_exec2() called at /home/dan/.dotfiles/nvim/init.lua:0
continuing in /home/dan/.dotfiles/nvim/init.lua
line 0: sourcing "nvim_exec2() called at /home/dan/.dotfiles/nvim/init.lua:0"
finished sourcing nvim_exec2() called at /home/dan/.dotfiles/nvim/init.lua:0
continuing in /home/dan/.dotfiles/nvim/init.lua
line 0: sourcing "nvim_exec2() called at /home/dan/.dotfiles/nvim/init.lua:0"
line 1: sourcing "/home/dan/.local/share/nvim/lazy/gitsigns.nvim/plugin/gitsigns.lua"
finished sourcing /home/dan/.local/share/nvim/lazy/gitsigns.nvim/plugin/gitsigns.lua
continuing in nvim_exec2() called at /home/dan/.dotfiles/nvim/init.lua:0
finished sourcing nvim_exec2() called at /home/dan/.dotfiles/nvim/init.lua:0
continuing in /home/dan/.dotfiles/nvim/init.lua
line 0: sourcing "nvim_exec2() called at /home/dan/.dotfiles/nvim/init.lua:0"
finished sourcing nvim_exec2() called at /home/dan/.dotfiles/nvim/init.lua:0
continuing in /home/dan/.dotfiles/nvim/init.lua
line 0: sourcing "nvim_exec2() called at /home/dan/.dotfiles/nvim/init.lua:0"
finished sourcing nvim_exec2() called at /home/dan/.dotfiles/nvim/init.lua:0
continuing in /home/dan/.dotfiles/nvim/init.lua
line 0: sourcing "nvim_exec2() called at /home/dan/.dotfiles/nvim/init.lua:0"
finished sourcing nvim_exec2() called at /home/dan/.dotfiles/nvim/init.lua:0
continuing in /home/dan/.dotfiles/nvim/init.lua
line 0: sourcing "nvim_exec2() called at /home/dan/.dotfiles/nvim/init.lua:0"
finished sourcing nvim_exec2() called at /home/dan/.dotfiles/nvim/init.lua:0
continuing in /home/dan/.dotfiles/nvim/init.lua
line 0: sourcing "nvim_exec2() called at /home/dan/.dotfiles/nvim/init.lua:0"
line 1: sourcing "/home/dan/.local/share/nvim/lazy/nvim-treesitter/plugin/nvim-treesitter.lua"
finished sourcing /home/dan/.local/share/nvim/lazy/nvim-treesitter/plugin/nvim-treesitter.lua
continuing in nvim_exec2() called at /home/dan/.dotfiles/nvim/init.lua:0
finished sourcing nvim_exec2() called at /home/dan/.dotfiles/nvim/init.lua:0
continuing in /home/dan/.dotfiles/nvim/init.lua
line 0: sourcing "nvim_exec2() called at /home/dan/.dotfiles/nvim/init.lua:0"
finished sourcing nvim_exec2() called at /home/dan/.dotfiles/nvim/init.lua:0
continuing in /home/dan/.dotfiles/nvim/init.lua
line 0: sourcing "nvim_exec2() called at /home/dan/.dotfiles/nvim/init.lua:0"
finished sourcing nvim_exec2() called at /home/dan/.dotfiles/nvim/init.lua:0
continuing in /home/dan/.dotfiles/nvim/init.lua
line 0: sourcing "nvim_exec2() called at /home/dan/.dotfiles/nvim/init.lua:0"
line 1: sourcing "/home/dan/.local/share/nvim/lazy/plenary.nvim/plugin/plenary.vim"
finished sourcing /home/dan/.local/share/nvim/lazy/plenary.nvim/plugin/plenary.vim
continuing in nvim_exec2() called at /home/dan/.dotfiles/nvim/init.lua:0
finished sourcing nvim_exec2() called at /home/dan/.dotfiles/nvim/init.lua:0
continuing in /home/dan/.dotfiles/nvim/init.lua
line 0: sourcing "nvim_exec2() called at /home/dan/.dotfiles/nvim/init.lua:0"
finished sourcing nvim_exec2() called at /home/dan/.dotfiles/nvim/init.lua:0
continuing in /home/dan/.dotfiles/nvim/init.lua
line 0: sourcing "nvim_exec2() called at /home/dan/.dotfiles/nvim/init.lua:0"
finished sourcing nvim_exec2() called at /home/dan/.dotfiles/nvim/init.lua:0
continuing in /home/dan/.dotfiles/nvim/init.lua
line 0: sourcing "nvim_exec2() called at /home/dan/.dotfiles/nvim/init.lua:0"
finished sourcing nvim_exec2() called at /home/dan/.dotfiles/nvim/init.lua:0
continuing in /home/dan/.dotfiles/nvim/init.lua
line 0: sourcing "nvim_exec2() called at /home/dan/.dotfiles/nvim/init.lua:0"
finished sourcing nvim_exec2() called at /home/dan/.dotfiles/nvim/init.lua:0
continuing in /home/dan/.dotfiles/nvim/init.lua
line 0: sourcing "nvim_exec2() called at /home/dan/.dotfiles/nvim/init.lua:0"
finished sourcing nvim_exec2() called at /home/dan/.dotfiles/nvim/init.lua:0
continuing in /home/dan/.dotfiles/nvim/init.lua
line 0: sourcing "nvim_exec2() called at /home/dan/.dotfiles/nvim/init.lua:0"
finished sourcing nvim_exec2() called at /home/dan/.dotfiles/nvim/init.lua:0
continuing in /home/dan/.dotfiles/nvim/init.lua
line 0: sourcing "nvim_exec2() called at /home/dan/.dotfiles/nvim/init.lua:0"
finished sourcing nvim_exec2() called at /home/dan/.dotfiles/nvim/init.lua:0
continuing in /home/dan/.dotfiles/nvim/init.lua
line 0: sourcing "nvim_exec2() called at /home/dan/.dotfiles/nvim/init.lua:0"
finished sourcing nvim_exec2() called at /home/dan/.dotfiles/nvim/init.lua:0
continuing in /home/dan/.dotfiles/nvim/init.lua
line 0: sourcing "nvim_exec2() called at /home/dan/.dotfiles/nvim/init.lua:0"
line 1: sourcing "/home/dan/.local/share/nvim/lazy/mason-tool-installer.nvim/plugin/mason-tool-installer.lua"
finished sourcing /home/dan/.local/share/nvim/lazy/mason-tool-installer.nvim/plugin/mason-tool-installer.lua
continuing in nvim_exec2() called at /home/dan/.dotfiles/nvim/init.lua:0
finished sourcing nvim_exec2() called at /home/dan/.dotfiles/nvim/init.lua:0
continuing in /home/dan/.dotfiles/nvim/init.lua
line 0: sourcing "nvim_exec2() called at /home/dan/.dotfiles/nvim/init.lua:0"
finished sourcing nvim_exec2() called at /home/dan/.dotfiles/nvim/init.lua:0
continuing in /home/dan/.dotfiles/nvim/init.lua
line 0: sourcing "nvim_exec2() called at /home/dan/.dotfiles/nvim/init.lua:0"
finished sourcing nvim_exec2() called at /home/dan/.dotfiles/nvim/init.lua:0
continuing in /home/dan/.dotfiles/nvim/init.lua
line 0: sourcing "nvim_exec2() called at /home/dan/.dotfiles/nvim/init.lua:0"
finished sourcing nvim_exec2() called at /home/dan/.dotfiles/nvim/init.lua:0
continuing in /home/dan/.dotfiles/nvim/init.lua
line 0: sourcing "nvim_exec2() called at /home/dan/.dotfiles/nvim/init.lua:0"
finished sourcing nvim_exec2() called at /home/dan/.dotfiles/nvim/init.lua:0
continuing in /home/dan/.dotfiles/nvim/init.lua
line 0: sourcing "nvim_exec2() called at /home/dan/.dotfiles/nvim/init.lua:0"
finished sourcing nvim_exec2() called at /home/dan/.dotfiles/nvim/init.lua:0
continuing in /home/dan/.dotfiles/nvim/init.lua
line 0: sourcing "nvim_exec2() called at /home/dan/.dotfiles/nvim/init.lua:0"
finished sourcing nvim_exec2() called at /home/dan/.dotfiles/nvim/init.lua:0
continuing in /home/dan/.dotfiles/nvim/init.lua
line 0: sourcing "nvim_exec2() called at /home/dan/.dotfiles/nvim/init.lua:0"
finished sourcing nvim_exec2() called at /home/dan/.dotfiles/nvim/init.lua:0
continuing in /home/dan/.dotfiles/nvim/init.lua
line 0: sourcing "nvim_exec2() called at /home/dan/.dotfiles/nvim/init.lua:0"
finished sourcing nvim_exec2() called at /home/dan/.dotfiles/nvim/init.lua:0
continuing in /home/dan/.dotfiles/nvim/init.lua
line 0: sourcing "nvim_exec2() called at /home/dan/.dotfiles/nvim/init.lua:0"
finished sourcing nvim_exec2() called at /home/dan/.dotfiles/nvim/init.lua:0
continuing in /home/dan/.dotfiles/nvim/init.lua
line 0: sourcing "nvim_exec2() called at /home/dan/.dotfiles/nvim/init.lua:0"
finished sourcing nvim_exec2() called at /home/dan/.dotfiles/nvim/init.lua:0
continuing in /home/dan/.dotfiles/nvim/init.lua
line 0: sourcing "nvim_exec2() called at /home/dan/.dotfiles/nvim/init.lua:0"
line 1: sourcing "/home/dan/.local/share/nvim/lazy/nvim-cmp/plugin/cmp.lua"
line 0: sourcing "nvim_exec2() called at /home/dan/.local/share/nvim/lazy/nvim-cmp/plugin/cmp.lua:0"
finished sourcing nvim_exec2() called at /home/dan/.local/share/nvim/lazy/nvim-cmp/plugin/cmp.lua:0
continuing in /home/dan/.local/share/nvim/lazy/nvim-cmp/plugin/cmp.lua
finished sourcing /home/dan/.local/share/nvim/lazy/nvim-cmp/plugin/cmp.lua
continuing in nvim_exec2() called at /home/dan/.dotfiles/nvim/init.lua:0
finished sourcing nvim_exec2() called at /home/dan/.dotfiles/nvim/init.lua:0
continuing in /home/dan/.dotfiles/nvim/init.lua
line 0: sourcing "nvim_exec2() called at /home/dan/.dotfiles/nvim/init.lua:0"
finished sourcing nvim_exec2() called at /home/dan/.dotfiles/nvim/init.lua:0
continuing in /home/dan/.dotfiles/nvim/init.lua
line 0: sourcing "nvim_exec2() called at /home/dan/.dotfiles/nvim/init.lua:0"
finished sourcing nvim_exec2() called at /home/dan/.dotfiles/nvim/init.lua:0
continuing in /home/dan/.dotfiles/nvim/init.lua
line 0: sourcing "nvim_exec2() called at /home/dan/.dotfiles/nvim/init.lua:0"
line 1: sourcing "/home/dan/.local/share/nvim/lazy/nvim-lspconfig/plugin/lspconfig.lua"
finished sourcing /home/dan/.local/share/nvim/lazy/nvim-lspconfig/plugin/lspconfig.lua
continuing in nvim_exec2() called at /home/dan/.dotfiles/nvim/init.lua:0
finished sourcing nvim_exec2() called at /home/dan/.dotfiles/nvim/init.lua:0
continuing in /home/dan/.dotfiles/nvim/init.lua
line 0: sourcing "nvim_exec2() called at /home/dan/.dotfiles/nvim/init.lua:0"
finished sourcing nvim_exec2() called at /home/dan/.dotfiles/nvim/init.lua:0
continuing in /home/dan/.dotfiles/nvim/init.lua
line 0: sourcing "nvim_exec2() called at /home/dan/.dotfiles/nvim/init.lua:0"
finished sourcing nvim_exec2() called at /home/dan/.dotfiles/nvim/init.lua:0
continuing in /home/dan/.dotfiles/nvim/init.lua
line 0: sourcing "nvim_exec2() called at /home/dan/.dotfiles/nvim/init.lua:0"
finished sourcing nvim_exec2() called at /home/dan/.dotfiles/nvim/init.lua:0
continuing in /home/dan/.dotfiles/nvim/init.lua
line 0: sourcing "nvim_exec2() called at /home/dan/.dotfiles/nvim/init.lua:0"
finished sourcing nvim_exec2() called at /home/dan/.dotfiles/nvim/init.lua:0
continuing in /home/dan/.dotfiles/nvim/init.lua
line 0: sourcing "nvim_exec2() called at /home/dan/.dotfiles/nvim/init.lua:0"
finished sourcing nvim_exec2() called at /home/dan/.dotfiles/nvim/init.lua:0
continuing in /home/dan/.dotfiles/nvim/init.lua
line 0: sourcing "nvim_exec2() called at /home/dan/.dotfiles/nvim/init.lua:0"
finished sourcing nvim_exec2() called at /home/dan/.dotfiles/nvim/init.lua:0
continuing in /home/dan/.dotfiles/nvim/init.lua
not found in runtime path: "lsp/typescript-tools.lua"
not found in runtime path: "lsp/typescript-tools.lua"
line 0: sourcing "nvim_exec2() called at /home/dan/.dotfiles/nvim/init.lua:0"
finished sourcing nvim_exec2() called at /home/dan/.dotfiles/nvim/init.lua:0
continuing in /home/dan/.dotfiles/nvim/init.lua
line 0: sourcing "nvim_exec2() called at /home/dan/.dotfiles/nvim/init.lua:0"
finished sourcing nvim_exec2() called at /home/dan/.dotfiles/nvim/init.lua:0
continuing in /home/dan/.dotfiles/nvim/init.lua
line 0: sourcing "nvim_exec2() called at /home/dan/.dotfiles/nvim/init.lua:0"
line 1: sourcing "/home/dan/.local/share/nvim/lazy/neo-tree.nvim/plugin/neo-tree.lua"
finished sourcing /home/dan/.local/share/nvim/lazy/neo-tree.nvim/plugin/neo-tree.lua
continuing in nvim_exec2() called at /home/dan/.dotfiles/nvim/init.lua:0
finished sourcing nvim_exec2() called at /home/dan/.dotfiles/nvim/init.lua:0
continuing in /home/dan/.dotfiles/nvim/init.lua
line 0: sourcing "nvim_exec2() called at /home/dan/.dotfiles/nvim/init.lua:0"
finished sourcing nvim_exec2() called at /home/dan/.dotfiles/nvim/init.lua:0
continuing in /home/dan/.dotfiles/nvim/init.lua
line 0: sourcing "nvim_exec2() called at /home/dan/.dotfiles/nvim/init.lua:0"
finished sourcing nvim_exec2() called at /home/dan/.dotfiles/nvim/init.lua:0
continuing in /home/dan/.dotfiles/nvim/init.lua
line 0: sourcing "nvim_exec2() called at /home/dan/.dotfiles/nvim/init.lua:0"
finished sourcing nvim_exec2() called at /home/dan/.dotfiles/nvim/init.lua:0
continuing in /home/dan/.dotfiles/nvim/init.lua
line 0: sourcing "nvim_exec2() called at /home/dan/.dotfiles/nvim/init.lua:0"
finished sourcing nvim_exec2() called at /home/dan/.dotfiles/nvim/init.lua:0
continuing in /home/dan/.dotfiles/nvim/init.lua
line 0: sourcing "nvim_exec2() called at /home/dan/.dotfiles/nvim/init.lua:0"
finished sourcing nvim_exec2() called at /home/dan/.dotfiles/nvim/init.lua:0
continuing in /home/dan/.dotfiles/nvim/init.lua
line 0: sourcing "nvim_exec2() called at /home/dan/.dotfiles/nvim/init.lua:0"
finished sourcing nvim_exec2() called at /home/dan/.dotfiles/nvim/init.lua:0
continuing in /home/dan/.dotfiles/nvim/init.lua
line 0: sourcing "nvim_exec2() called at /home/dan/.dotfiles/nvim/init.lua:0"
line 1: sourcing "/home/dan/.local/share/nvim/lazy/telescope.nvim/plugin/telescope.lua"
finished sourcing /home/dan/.local/share/nvim/lazy/telescope.nvim/plugin/telescope.lua
continuing in nvim_exec2() called at /home/dan/.dotfiles/nvim/init.lua:0
finished sourcing nvim_exec2() called at /home/dan/.dotfiles/nvim/init.lua:0
continuing in /home/dan/.dotfiles/nvim/init.lua
line 0: sourcing "nvim_exec2() called at /home/dan/.dotfiles/nvim/init.lua:0"
finished sourcing nvim_exec2() called at /home/dan/.dotfiles/nvim/init.lua:0
continuing in /home/dan/.dotfiles/nvim/init.lua
line 0: sourcing "nvim_exec2() called at /home/dan/.dotfiles/nvim/init.lua:0"
finished sourcing nvim_exec2() called at /home/dan/.dotfiles/nvim/init.lua:0
continuing in /home/dan/.dotfiles/nvim/init.lua
line 0: sourcing "nvim_exec2() called at /home/dan/.dotfiles/nvim/init.lua:0"
finished sourcing nvim_exec2() called at /home/dan/.dotfiles/nvim/init.lua:0
continuing in /home/dan/.dotfiles/nvim/init.lua
line 0: sourcing "nvim_exec2() called at /home/dan/.dotfiles/nvim/init.lua:0"
finished sourcing nvim_exec2() called at /home/dan/.dotfiles/nvim/init.lua:0
continuing in /home/dan/.dotfiles/nvim/init.lua
line 0: sourcing "nvim_exec2() called at /home/dan/.dotfiles/nvim/init.lua:0"
finished sourcing nvim_exec2() called at /home/dan/.dotfiles/nvim/init.lua:0
continuing in /home/dan/.dotfiles/nvim/init.lua
line 0: sourcing "nvim_exec2() called at /home/dan/.dotfiles/nvim/init.lua:0"
finished sourcing nvim_exec2() called at /home/dan/.dotfiles/nvim/init.lua:0
continuing in /home/dan/.dotfiles/nvim/init.lua
line 0: sourcing "nvim_exec2() called at /home/dan/.dotfiles/nvim/init.lua:0"
line 1: sourcing "/usr/share/nvim/runtime/plugin/editorconfig.lua"
finished sourcing /usr/share/nvim/runtime/plugin/editorconfig.lua
continuing in nvim_exec2() called at /home/dan/.dotfiles/nvim/init.lua:0
finished sourcing nvim_exec2() called at /home/dan/.dotfiles/nvim/init.lua:0
continuing in /home/dan/.dotfiles/nvim/init.lua
line 0: sourcing "nvim_exec2() called at /home/dan/.dotfiles/nvim/init.lua:0"
line 1: sourcing "/usr/share/nvim/runtime/plugin/gzip.vim"
finished sourcing /usr/share/nvim/runtime/plugin/gzip.vim
continuing in nvim_exec2() called at /home/dan/.dotfiles/nvim/init.lua:0
finished sourcing nvim_exec2() called at /home/dan/.dotfiles/nvim/init.lua:0
continuing in /home/dan/.dotfiles/nvim/init.lua
line 0: sourcing "nvim_exec2() called at /home/dan/.dotfiles/nvim/init.lua:0"
line 1: sourcing "/usr/share/nvim/runtime/plugin/man.lua"
finished sourcing /usr/share/nvim/runtime/plugin/man.lua
continuing in nvim_exec2() called at /home/dan/.dotfiles/nvim/init.lua:0
finished sourcing nvim_exec2() called at /home/dan/.dotfiles/nvim/init.lua:0
continuing in /home/dan/.dotfiles/nvim/init.lua
line 0: sourcing "nvim_exec2() called at /home/dan/.dotfiles/nvim/init.lua:0"
line 1: sourcing "/usr/share/nvim/runtime/plugin/matchit.vim"
not found in 'packpath': "pack/*/start/matchit"
line 3: sourcing "/usr/share/nvim/runtime/pack/dist/opt/matchit/plugin/matchit.vim"
finished sourcing /usr/share/nvim/runtime/pack/dist/opt/matchit/plugin/matchit.vim
continuing in /usr/share/nvim/runtime/plugin/matchit.vim
finished sourcing /usr/share/nvim/runtime/plugin/matchit.vim
continuing in nvim_exec2() called at /home/dan/.dotfiles/nvim/init.lua:0
finished sourcing nvim_exec2() called at /home/dan/.dotfiles/nvim/init.lua:0
continuing in /home/dan/.dotfiles/nvim/init.lua
line 0: sourcing "nvim_exec2() called at /home/dan/.dotfiles/nvim/init.lua:0"
line 1: sourcing "/usr/share/nvim/runtime/plugin/matchparen.vim"
finished sourcing /usr/share/nvim/runtime/plugin/matchparen.vim
continuing in nvim_exec2() called at /home/dan/.dotfiles/nvim/init.lua:0
finished sourcing nvim_exec2() called at /home/dan/.dotfiles/nvim/init.lua:0
continuing in /home/dan/.dotfiles/nvim/init.lua
line 0: sourcing "nvim_exec2() called at /home/dan/.dotfiles/nvim/init.lua:0"
line 1: sourcing "/usr/share/nvim/runtime/plugin/net.lua"
finished sourcing /usr/share/nvim/runtime/plugin/net.lua
continuing in nvim_exec2() called at /home/dan/.dotfiles/nvim/init.lua:0
finished sourcing nvim_exec2() called at /home/dan/.dotfiles/nvim/init.lua:0
continuing in /home/dan/.dotfiles/nvim/init.lua
line 0: sourcing "nvim_exec2() called at /home/dan/.dotfiles/nvim/init.lua:0"
line 1: sourcing "/usr/share/nvim/runtime/plugin/netrwPlugin.vim"
not found in 'packpath': "pack/*/start/netrw"
line 7: sourcing "/usr/share/nvim/runtime/pack/dist/opt/netrw/plugin/netrwPlugin.vim"
finished sourcing /usr/share/nvim/runtime/pack/dist/opt/netrw/plugin/netrwPlugin.vim
continuing in /usr/share/nvim/runtime/plugin/netrwPlugin.vim
finished sourcing /usr/share/nvim/runtime/plugin/netrwPlugin.vim
continuing in nvim_exec2() called at /home/dan/.dotfiles/nvim/init.lua:0
finished sourcing nvim_exec2() called at /home/dan/.dotfiles/nvim/init.lua:0
continuing in /home/dan/.dotfiles/nvim/init.lua
line 0: sourcing "nvim_exec2() called at /home/dan/.dotfiles/nvim/init.lua:0"
line 1: sourcing "/usr/share/nvim/runtime/plugin/osc52.lua"
finished sourcing /usr/share/nvim/runtime/plugin/osc52.lua
continuing in nvim_exec2() called at /home/dan/.dotfiles/nvim/init.lua:0
finished sourcing nvim_exec2() called at /home/dan/.dotfiles/nvim/init.lua:0
continuing in /home/dan/.dotfiles/nvim/init.lua
line 0: sourcing "nvim_exec2() called at /home/dan/.dotfiles/nvim/init.lua:0"
line 1: sourcing "/usr/share/nvim/runtime/plugin/rplugin.vim"
finished sourcing /usr/share/nvim/runtime/plugin/rplugin.vim
continuing in nvim_exec2() called at /home/dan/.dotfiles/nvim/init.lua:0
finished sourcing nvim_exec2() called at /home/dan/.dotfiles/nvim/init.lua:0
continuing in /home/dan/.dotfiles/nvim/init.lua
line 0: sourcing "nvim_exec2() called at /home/dan/.dotfiles/nvim/init.lua:0"
line 1: sourcing "/usr/share/nvim/runtime/plugin/shada.lua"
finished sourcing /usr/share/nvim/runtime/plugin/shada.lua
continuing in nvim_exec2() called at /home/dan/.dotfiles/nvim/init.lua:0
finished sourcing nvim_exec2() called at /home/dan/.dotfiles/nvim/init.lua:0
continuing in /home/dan/.dotfiles/nvim/init.lua
line 0: sourcing "nvim_exec2() called at /home/dan/.dotfiles/nvim/init.lua:0"
line 1: sourcing "/usr/share/nvim/runtime/plugin/spellfile.lua"
finished sourcing /usr/share/nvim/runtime/plugin/spellfile.lua
continuing in nvim_exec2() called at /home/dan/.dotfiles/nvim/init.lua:0
finished sourcing nvim_exec2() called at /home/dan/.dotfiles/nvim/init.lua:0
continuing in /home/dan/.dotfiles/nvim/init.lua
line 0: sourcing "nvim_exec2() called at /home/dan/.dotfiles/nvim/init.lua:0"
line 1: sourcing "/usr/share/nvim/runtime/plugin/tarPlugin.vim"
finished sourcing /usr/share/nvim/runtime/plugin/tarPlugin.vim
continuing in nvim_exec2() called at /home/dan/.dotfiles/nvim/init.lua:0
finished sourcing nvim_exec2() called at /home/dan/.dotfiles/nvim/init.lua:0
continuing in /home/dan/.dotfiles/nvim/init.lua
line 0: sourcing "nvim_exec2() called at /home/dan/.dotfiles/nvim/init.lua:0"
line 1: sourcing "/usr/share/nvim/runtime/plugin/tutor.vim"
finished sourcing /usr/share/nvim/runtime/plugin/tutor.vim
continuing in nvim_exec2() called at /home/dan/.dotfiles/nvim/init.lua:0
finished sourcing nvim_exec2() called at /home/dan/.dotfiles/nvim/init.lua:0
continuing in /home/dan/.dotfiles/nvim/init.lua
line 0: sourcing "nvim_exec2() called at /home/dan/.dotfiles/nvim/init.lua:0"
line 1: sourcing "/usr/share/nvim/runtime/plugin/zipPlugin.vim"
finished sourcing /usr/share/nvim/runtime/plugin/zipPlugin.vim
continuing in nvim_exec2() called at /home/dan/.dotfiles/nvim/init.lua:0
finished sourcing nvim_exec2() called at /home/dan/.dotfiles/nvim/init.lua:0
continuing in /home/dan/.dotfiles/nvim/init.lua
line 0: sourcing "nvim_exec2() called at /home/dan/.dotfiles/nvim/init.lua:0"
line 1: sourcing "/home/dan/.local/share/nvim/lazy/indent-blankline.nvim/after/plugin/commands.lua"
finished sourcing /home/dan/.local/share/nvim/lazy/indent-blankline.nvim/after/plugin/commands.lua
continuing in nvim_exec2() called at /home/dan/.dotfiles/nvim/init.lua:0
finished sourcing nvim_exec2() called at /home/dan/.dotfiles/nvim/init.lua:0
continuing in /home/dan/.dotfiles/nvim/init.lua
line 0: sourcing "nvim_exec2() called at /home/dan/.dotfiles/nvim/init.lua:0"
line 1: sourcing "/home/dan/.local/share/nvim/lazy/cmp_luasnip/after/plugin/cmp_luasnip.lua"
finished sourcing /home/dan/.local/share/nvim/lazy/cmp_luasnip/after/plugin/cmp_luasnip.lua
continuing in nvim_exec2() called at /home/dan/.dotfiles/nvim/init.lua:0
finished sourcing nvim_exec2() called at /home/dan/.dotfiles/nvim/init.lua:0
continuing in /home/dan/.dotfiles/nvim/init.lua
line 0: sourcing "nvim_exec2() called at /home/dan/.dotfiles/nvim/init.lua:0"
line 1: sourcing "/home/dan/.local/share/nvim/lazy/cmp-buffer/after/plugin/cmp_buffer.lua"
finished sourcing /home/dan/.local/share/nvim/lazy/cmp-buffer/after/plugin/cmp_buffer.lua
continuing in nvim_exec2() called at /home/dan/.dotfiles/nvim/init.lua:0
finished sourcing nvim_exec2() called at /home/dan/.dotfiles/nvim/init.lua:0
continuing in /home/dan/.dotfiles/nvim/init.lua
line 0: sourcing "nvim_exec2() called at /home/dan/.dotfiles/nvim/init.lua:0"
line 1: sourcing "/home/dan/.local/share/nvim/lazy/cmp-path/after/plugin/cmp_path.lua"
finished sourcing /home/dan/.local/share/nvim/lazy/cmp-path/after/plugin/cmp_path.lua
continuing in nvim_exec2() called at /home/dan/.dotfiles/nvim/init.lua:0
finished sourcing nvim_exec2() called at /home/dan/.dotfiles/nvim/init.lua:0
continuing in /home/dan/.dotfiles/nvim/init.lua
line 0: sourcing "nvim_exec2() called at /home/dan/.dotfiles/nvim/init.lua:0"
line 1: sourcing "/home/dan/.local/share/nvim/lazy/cmp-nvim-lsp/after/plugin/cmp_nvim_lsp.lua"
finished sourcing /home/dan/.local/share/nvim/lazy/cmp-nvim-lsp/after/plugin/cmp_nvim_lsp.lua
continuing in nvim_exec2() called at /home/dan/.dotfiles/nvim/init.lua:0
finished sourcing nvim_exec2() called at /home/dan/.dotfiles/nvim/init.lua:0
continuing in /home/dan/.dotfiles/nvim/init.lua
finished sourcing /home/dan/.config/nvim/init.lua
sourcing "/usr/share/nvim/runtime/filetype.lua"
finished sourcing /usr/share/nvim/runtime/filetype.lua
sourcing "/usr/share/nvim/runtime/syntax/syntax.vim"
line 20: sourcing "/usr/share/nvim/runtime/syntax/synload.vim"
finished sourcing /usr/share/nvim/runtime/syntax/synload.vim
continuing in /usr/share/nvim/runtime/syntax/syntax.vim
finished sourcing /usr/share/nvim/runtime/syntax/syntax.vim
Reading ShaDa file "/home/dan/.local/state/nvim/shada/main.shada" info marks oldfiles
line 0: sourcing "nvim_exec2() called at VimEnter Autocommands for "*":0"
line 1: sourcing "/home/dan/.local/share/nvim/lazy/dashboard-nvim/plugin/dashboard.lua"
finished sourcing /home/dan/.local/share/nvim/lazy/dashboard-nvim/plugin/dashboard.lua
continuing in nvim_exec2() called at VimEnter Autocommands for "*":0
finished sourcing nvim_exec2() called at VimEnter Autocommands for "*":0
continuing in VimEnter Autocommands for "*"
line 0: sourcing "nvim_exec2() called at VimEnter Autocommands for "*":0"
finished sourcing nvim_exec2() called at VimEnter Autocommands for "*":0
continuing in VimEnter Autocommands for "*"
line 0: sourcing "nvim_exec2() called at VimEnter Autocommands for "*":0"
finished sourcing nvim_exec2() called at VimEnter Autocommands for "*":0
continuing in VimEnter Autocommands for "*"
line 0: sourcing "nvim_exec2() called at VimEnter Autocommands for "*":0"
line 1: sourcing "/home/dan/.local/share/nvim/lazy/which-key.nvim/plugin/which-key.lua"
finished sourcing /home/dan/.local/share/nvim/lazy/which-key.nvim/plugin/which-key.lua
continuing in nvim_exec2() called at VimEnter Autocommands for "*":0
finished sourcing nvim_exec2() called at VimEnter Autocommands for "*":0
continuing in VimEnter Autocommands for "*"
line 0: sourcing "nvim_exec2() called at VimEnter Autocommands for "*":0"
finished sourcing nvim_exec2() called at VimEnter Autocommands for "*":0
continuing in VimEnter Autocommands for "*"
line 0: sourcing "nvim_exec2() called at VimEnter Autocommands for "*":0"
finished sourcing nvim_exec2() called at VimEnter Autocommands for "*":0
continuing in VimEnter Autocommands for "*"
line 0: sourcing "nvim_exec2() called at VimEnter Autocommands for "*":0"
line 1: sourcing "/home/dan/.local/share/nvim/lazy/todo-comments.nvim/plugin/todo.vim"
finished sourcing /home/dan/.local/share/nvim/lazy/todo-comments.nvim/plugin/todo.vim
continuing in nvim_exec2() called at VimEnter Autocommands for "*":0
finished sourcing nvim_exec2() called at VimEnter Autocommands for "*":0
continuing in VimEnter Autocommands for "*"
line 0: sourcing "nvim_exec2() called at VimEnter Autocommands for "*":0"
finished sourcing nvim_exec2() called at VimEnter Autocommands for "*":0
continuing in VimEnter Autocommands for "*"
line 0: sourcing "nvim_exec2() called at VimEnter Autocommands for "*":0"
finished sourcing nvim_exec2() called at VimEnter Autocommands for "*":0
continuing in VimEnter Autocommands for "*"
line 0: sourcing "nvim_exec2() called at VimEnter Autocommands for "*":0"
finished sourcing nvim_exec2() called at VimEnter Autocommands for "*":0
continuing in VimEnter Autocommands for "*"
line 0: sourcing "nvim_exec2() called at VimEnter Autocommands for "*":0"
finished sourcing nvim_exec2() called at VimEnter Autocommands for "*":0
continuing in VimEnter Autocommands for "*"
line 0: sourcing "nvim_exec2() called at VimEnter Autocommands for "*":0"
finished sourcing nvim_exec2() called at VimEnter Autocommands for "*":0
continuing in VimEnter Autocommands for "*"
line 0: sourcing "nvim_exec2() called at VimEnter Autocommands for "*":0"
finished sourcing nvim_exec2() called at VimEnter Autocommands for "*":0
continuing in VimEnter Autocommands for "*"
line 0: sourcing "nvim_exec2() called at VimEnter Autocommands for "*":0"
finished sourcing nvim_exec2() called at VimEnter Autocommands for "*":0
continuing in VimEnter Autocommands for "*"
line 0: sourcing "nvim_exec2() called at VimEnter Autocommands for "*":0"
finished sourcing nvim_exec2() called at VimEnter Autocommands for "*":0
continuing in VimEnter Autocommands for "*"
line 0: sourcing "nvim_exec2() called at VimEnter Autocommands for "*":0"
finished sourcing nvim_exec2() called at VimEnter Autocommands for "*":0
continuing in VimEnter Autocommands for "*"
line 0: sourcing "nvim_exec2() called at VimEnter Autocommands for "*":0"
finished sourcing nvim_exec2() called at VimEnter Autocommands for "*":0
continuing in VimEnter Autocommands for "*"
line 0: sourcing "nvim_exec2() called at VimEnter Autocommands for "*":0"
finished sourcing nvim_exec2() called at VimEnter Autocommands for "*":0
continuing in VimEnter Autocommands for "*"
line 0: sourcing "nvim_exec2() called at VimEnter Autocommands for "*":0"
finished sourcing nvim_exec2() called at VimEnter Autocommands for "*":0
continuing in VimEnter Autocommands for "*"
line 0: sourcing "nvim_exec2() called at VimEnter Autocommands for "*":0"
finished sourcing nvim_exec2() called at VimEnter Autocommands for "*":0
continuing in VimEnter Autocommands for "*"
line 0: sourcing "nvim_exec2() called at VimEnter Autocommands for "*":0"
finished sourcing nvim_exec2() called at VimEnter Autocommands for "*":0
continuing in VimEnter Autocommands for "*"
line 0: sourcing "nvim_exec2() called at VimEnter Autocommands for "*":0"
finished sourcing nvim_exec2() called at VimEnter Autocommands for "*":0
continuing in VimEnter Autocommands for "*"
line 0: sourcing "nvim_exec2() called at VimEnter Autocommands for "*":0"
finished sourcing nvim_exec2() called at VimEnter Autocommands for "*":0
continuing in VimEnter Autocommands for "*"
line 0: sourcing "nvim_exec2() called at VimEnter Autocommands for "*":0"
finished sourcing nvim_exec2() called at VimEnter Autocommands for "*":0
continuing in VimEnter Autocommands for "*"
line 0: sourcing "nvim_exec2() called at VimEnter Autocommands for "*":0"
finished sourcing nvim_exec2() called at VimEnter Autocommands for "*":0
continuing in VimEnter Autocommands for "*"
line 0: sourcing "nvim_exec2() called at VimEnter Autocommands for "*":0"
finished sourcing nvim_exec2() called at VimEnter Autocommands for "*":0
continuing in VimEnter Autocommands for "*"
line 0: sourcing "nvim_exec2() called at VimEnter Autocommands for "*":0"
finished sourcing nvim_exec2() called at VimEnter Autocommands for "*":0
continuing in VimEnter Autocommands for "*"
line 0: sourcing "nvim_exec2() called at VimEnter Autocommands for "*":0"
finished sourcing nvim_exec2() called at VimEnter Autocommands for "*":0
continuing in VimEnter Autocommands for "*"
line 0: sourcing "nvim_exec2() called at VimEnter Autocommands for "*":0"
finished sourcing nvim_exec2() called at VimEnter Autocommands for "*":0
continuing in VimEnter Autocommands for "*"
line 0: sourcing "nvim_exec2() called at VimEnter Autocommands for "*":0"
finished sourcing nvim_exec2() called at VimEnter Autocommands for "*":0
continuing in VimEnter Autocommands for "*"
not found in runtime path: "ftplugin/dashboard[.]{vim,lua} ftplugin/dashboard_*.{vim,lua} ftplugin/dashboard/*.{vim,lua}"
not found in runtime path: "indent/dashboard[.]{vim,lua}"
not found in runtime path: "parser/dashboard.*"
not found in runtime path: "lsp/typescript-tools.lua"
sourcing "/usr/share/nvim/runtime/autoload/provider/clipboard.vim"
finished sourcing /usr/share/nvim/runtime/autoload/provider/clipboard.vim
sourcing "nvim_exec2()"
finished sourcing nvim_exec2()
sourcing "nvim_exec2()"
finished sourcing nvim_exec2()
sourcing "nvim_exec2()"
finished sourcing nvim_exec2()
sourcing "nvim_exec2()"
finished sourcing nvim_exec2()
sourcing "nvim_exec2()"
finished sourcing nvim_exec2()
sourcing "nvim_exec2()"
finished sourcing nvim_exec2()
sourcing "nvim_exec2()"
finished sourcing nvim_exec2()
sourcing "nvim_exec2()"
finished sourcing nvim_exec2()
sourcing "nvim_exec2()"
finished sourcing nvim_exec2()
sourcing "nvim_exec2()"
finished sourcing nvim_exec2()


--- Terminal info --- {{{
&term: xterm-kitty
using terminfo database

Boolean capabilities:
  back_color_erase: false
  truecolor ('Tc' or 'RGB'): true
  extended underline ('Su'): true

Numeric capabilities: (-1 for unknown)
  lines: 24
  columns: 80
  max_colors: 80

String capabilities:
  carriage_return                 = ^M
  change_scroll_region            = ^[[%i%p1%d;%p2%dr
  clear_screen                    = ^[[H^[[2J
  clr_eol                         = ^[[K
  clr_eos                         = ^[[J
  cursor_address                  = ^[[%i%p1%d;%p2%dH
  cursor_down                     = ^@
  cursor_invisible                = ^[[?25l
  cursor_left                     = ^H
  cursor_home                     = ^[[H
  cursor_normal                   = ^[[?12h^[[?25h
  cursor_up                       = ^[[A
  cursor_right                    = ^[[C
  delete_line                     = ^[[M
  enter_blink_mode                = ^[[5m
  enter_bold_mode                 = ^[[1m
  enter_ca_mode                   = ^[[?1049h
  enter_dim_mode                  = ^[[2m
  enter_italics_mode              = ^[[3m
  enter_reverse_mode              = ^[[7m
  enter_standout_mode             = ^[[7m
  enter_underline_mode            = ^[[4m
  erase_chars                     = ^[[%p1%dX
  exit_attribute_mode             = ^[(B^[[m
  exit_ca_mode                    = ^[[?1049l
  from_status_line                = ^G
  insert_line                     = ^[[L
  keypad_local                    = ^[[?1l
  keypad_xmit                     = ^[[?1h
  parm_delete_line                = ^[[%p1%dM
  parm_down_cursor                = ^[[%p1%dB
  parm_insert_line                = ^[[%p1%dL
  parm_left_cursor                = ^[[%p1%dD
  parm_right_cursor               = ^[[%p1%dC
  parm_up_cursor                  = ^[[%p1%dA
  set_a_background                = ^[[%?%p1%{8}%<%t4%p1%d%e%p1%{16}%<%t10%p1%{8}%-%d%e48;5;%p1%d%;m
  set_a_foreground                = ^[[%?%p1%{8}%<%t3%p1%d%e%p1%{16}%<%t9%p1%{8}%-%d%e38;5;%p1%d%;m
  set_attributes                  = %?%p9%t^[(0%e^[(B%;^[[0%?%p6%t;1%;%?%p2%t;4%;%?%p1%p3%|%t;7%;%?%p4%t;5%;%?%p7%t;8%;%?%p5%t;2%;m
  set_lr_margin                   = ^[[%i%p1%d;%p2%ds
  to_status_line                  = ^[]2;
  reset_cursor_style (Se)         = ^[[0 q
  set_cursor_style (Ss)           = ^[[%p1%d q
  enter_strikethrough_mode (smxx) = ^[[9m
  set_rgb_foreground (setrgbf)    = ^[[38:2:%p1%d:%p2%d:%p3%dm
  set_rgb_background (setrgbb)    = ^[[48:2:%p1%d:%p2%d:%p3%dm
  set_cursor_color (Cs)           = ^[]12;%p1%s^G
  reset_cursor_color (Cr)         = ^[]112^G
  set_underline_style (Smulx)     = ^[[4:%p1%dm
  key_beg                         = ^[OE, key_sbeg = ^[[1;2E
  key_btab                        = ^[[Z
  key_dc                          = ^[[3~, key_sdc = ^[[3;2~
  key_end                         = ^[OF, key_send = ^[[1;2F
  key_home                        = ^[OH, key_shome = ^[[1;2H
  key_ic                          = ^[[2~, key_sic = ^[[2;2~
  key_npage                       = ^[[6~
  key_ppage                       = ^[[5~
  key_left                        = ^[OD, key_sleft = ^[[1;2D
  key_right                       = ^[OC, key_sright = ^[[1;2C
  key_f2                          = ^[OQ
  key_f3                          = ^[OR
  key_f4                          = ^[OS
  key_f5                          = ^[[15~
  key_f6                          = ^[[17~
  key_f7                          = ^[[18~
  key_f8                          = ^[[19~
  key_f9                          = ^[[20~
  key_f10                         = ^[[21~
  key_f11                         = ^[[23~
  key_f12                         = ^[[24~
  key_f13                         = ^[[1;2P
  key_f14                         = ^[[1;2Q
  key_f15                         = ^[[13;2~
  key_f16                         = ^[[1;2S
  key_f17                         = ^[[15;2~
  key_f18                         = ^[[17;2~
  key_f19                         = ^[[18;2~
  key_f20                         = ^[[19;2~
  key_f21                         = ^[[20;2~
  key_f22                         = ^[[21;2~
  key_f23                         = ^[[23;2~
  key_f24                         = ^[[24;2~
  key_f25                         = ^[[1;5P
  key_f26                         = ^[[1;5Q
  key_f27                         = ^[[13;5~
  key_f28                         = ^[[1;5S
  key_f29                         = ^[[15;5~
  key_f30                         = ^[[17;5~
  key_f31                         = ^[[18;5~
  key_f32                         = ^[[19;5~
  key_f33                         = ^[[20;5~
  key_f34                         = ^[[21;5~
  key_f35                         = ^[[23;5~
  key_f36                         = ^[[24;5~
  key_f37                         = ^[[1;6P
  key_f38                         = ^[[1;6Q
  key_f39                         = ^[[13;6~
  key_f40                         = ^[[1;6S
  key_f41                         = ^[[15;6~
  key_f42                         = ^[[17;6~
  key_f43                         = ^[[18;6~
  key_f44                         = ^[[19;6~
  key_f45                         = ^[[20;6~
  key_f46                         = ^[[21;6~
  key_f47                         = ^[[23;6~
  key_f48                         = ^[[24;6~
  key_f49                         = ^[[1;3P
  key_f50                         = ^[[1;3Q
  key_f51                         = ^[[13;3~
  key_f52                         = ^[[1;3S
  key_f53                         = ^[[15;3~
  key_f54                         = ^[[17;3~
  key_f55                         = ^[[18;3~
  key_f56                         = ^[[19;3~
  key_f57                         = ^[[20;3~
  key_f58                         = ^[[21;3~
  key_f59                         = ^[[23;3~
  key_f60                         = ^[[24;3~
  key_f61                         = ^[[1;4P
  key_f62                         = ^[[1;4Q
  key_f63                         = ^[[13;4~
}}}


sourcing "nvim_exec2()"
finished sourcing nvim_exec2()
sourcing "nvim_exec2()"
finished sourcing nvim_exec2()
sourcing "nvim_exec2()"
finished sourcing nvim_exec2()
sourcing "nvim_exec2()"
finished sourcing nvim_exec2()
sourcing "nvim_exec2()"
finished sourcing nvim_exec2()
sourcing "nvim_exec2()"
finished sourcing nvim_exec2()
sourcing "nvim_exec2()"
finished sourcing nvim_exec2()
sourcing "nvim_exec2()"
finished sourcing nvim_exec2()
sourcing "nvim_exec2()"
finished sourcing nvim_exec2()
sourcing "nvim_exec2()"
finished sourcing nvim_exec2()
sourcing "nvim_exec2()"
finished sourcing nvim_exec2()
sourcing "nvim_exec2()"
finished sourcing nvim_exec2()
sourcing "nvim_exec2()"
finished sourcing nvim_exec2()
sourcing "nvim_exec2()"
finished sourcing nvim_exec2()
sourcing "nvim_exec2()"
finished sourcing nvim_exec2()
sourcing "nvim_exec2()"
finished sourcing nvim_exec2()
sourcing "nvim_exec2()"
finished sourcing nvim_exec2()
sourcing "nvim_exec2()"
finished sourcing nvim_exec2()
sourcing "nvim_exec2()"
finished sourcing nvim_exec2()
sourcing "nvim_exec2()"
finished sourcing nvim_exec2()
sourcing "nvim_exec2()"
finished sourcing nvim_exec2()
sourcing "nvim_exec2()"
finished sourcing nvim_exec2()
sourcing "nvim_exec2()"
finished sourcing nvim_exec2()
sourcing "nvim_exec2()"
finished sourcing nvim_exec2()
sourcing "nvim_exec2()"
finished sourcing nvim_exec2()
sourcing "nvim_exec2()"
finished sourcing nvim_exec2()
sourcing "nvim_exec2()"
finished sourcing nvim_exec2()
sourcing "nvim_exec2()"
finished sourcing nvim_exec2()
sourcing "nvim_exec2()"
finished sourcing nvim_exec2()
sourcing "nvim_exec2()"
finished sourcing nvim_exec2()
sourcing "nvim_exec2()"
finished sourcing nvim_exec2()
sourcing "nvim_exec2()"
finished sourcing nvim_exec2()
sourcing "nvim_exec2()"
finished sourcing nvim_exec2()
sourcing "nvim_exec2()"
finished sourcing nvim_exec2()
sourcing "nvim_exec2()"
finished sourcing nvim_exec2()
sourcing "nvim_exec2()"
finished sourcing nvim_exec2()
sourcing "nvim_exec2()"
finished sourcing nvim_exec2()
sourcing "nvim_exec2()"
finished sourcing nvim_exec2()
sourcing "nvim_exec2()"
finished sourcing nvim_exec2()
sourcing "nvim_exec2()"
finished sourcing nvim_exec2()
sourcing "nvim_exec2()"
finished sourcing nvim_exec2()
sourcing "nvim_exec2()"
finished sourcing nvim_exec2()
sourcing "nvim_exec2()"
finished sourcing nvim_exec2()
sourcing "nvim_exec2()"
finished sourcing nvim_exec2()
sourcing "nvim_exec2()"
finished sourcing nvim_exec2()
sourcing "nvim_exec2()"
finished sourcing nvim_exec2()
sourcing "nvim_exec2()"
finished sourcing nvim_exec2()
sourcing "nvim_exec2()"
finished sourcing nvim_exec2()
sourcing "nvim_exec2()"
finished sourcing nvim_exec2()
not found in runtime path: "ftplugin/neo-tree[.]{vim,lua} ftplugin/neo-tree_*.{vim,lua} ftplugin/neo-tree/*.{vim,lua}"
not found in runtime path: "indent/neo-tree[.]{vim,lua}"
not found in runtime path: "parser/neo-tree.*"
line 0: sourcing "nvim_exec2() called at BufEnter Autocommands for "*":0"
finished sourcing nvim_exec2() called at BufEnter Autocommands for "*":0
continuing in BufEnter Autocommands for "*"
line 0: sourcing "nvim_exec2() called at BufEnter Autocommands for "*":0"
finished sourcing nvim_exec2() called at BufEnter Autocommands for "*":0
continuing in BufEnter Autocommands for "*"
line 0: sourcing "nvim_exec2() called at BufWinEnter Autocommands for "*":0"
finished sourcing nvim_exec2() called at BufWinEnter Autocommands for "*":0
continuing in BufWinEnter Autocommands for "*"
line 0: sourcing "nvim_exec2() called at BufWinEnter Autocommands for "*":0"
finished sourcing nvim_exec2() called at BufWinEnter Autocommands for "*":0
continuing in BufWinEnter Autocommands for "*"
line 0: sourcing "nvim_exec2() called at BufEnter Autocommands for "*":0"
finished sourcing nvim_exec2() called at BufEnter Autocommands for "*":0
continuing in BufEnter Autocommands for "*"
line 0: sourcing "nvim_exec2() called at BufEnter Autocommands for "*":0"
finished sourcing nvim_exec2() called at BufEnter Autocommands for "*":0
continuing in BufEnter Autocommands for "*"
sourcing "nvim_exec2()"
finished sourcing nvim_exec2()
sourcing "nvim_exec2()"
line 0: sourcing "nvim_exec2() called at BufReadPre Autocommands for "*":0"
finished sourcing nvim_exec2() called at BufReadPre Autocommands for "*":0
continuing in BufReadPre Autocommands for "*"
line 0: sourcing "nvim_exec2() called at BufReadPre Autocommands for "*":0"
finished sourcing nvim_exec2() called at BufReadPre Autocommands for "*":0
continuing in BufReadPre Autocommands for "*"
Reading ShaDa file "/home/dan/.local/state/nvim/shada/main.shada" marks
Reading undo file: /home/dan/.local/state/nvim/undo/%home%dan%.dotfiles%nvim%lua%dzavadindev%plugins%99.lua
line 20: sourcing "/usr/share/nvim/runtime/ftplugin/lua.vim"
finished sourcing /usr/share/nvim/runtime/ftplugin/lua.vim
continuing in <SNR>2_LoadFTPlugin
line 20: sourcing "/usr/share/nvim/runtime/ftplugin/lua.lua"
finished sourcing /usr/share/nvim/runtime/ftplugin/lua.lua
continuing in <SNR>2_LoadFTPlugin
line 15: sourcing "/usr/share/nvim/runtime/indent/lua.vim"
finished sourcing /usr/share/nvim/runtime/indent/lua.vim
continuing in <SNR>3_LoadIndent
line 20: sourcing "/usr/share/nvim/runtime/ftplugin/lua.vim"
finished sourcing /usr/share/nvim/runtime/ftplugin/lua.vim
continuing in <SNR>2_LoadFTPlugin
line 20: sourcing "/usr/share/nvim/runtime/ftplugin/lua.lua"
finished sourcing /usr/share/nvim/runtime/ftplugin/lua.lua
continuing in <SNR>2_LoadFTPlugin
line 15: sourcing "/usr/share/nvim/runtime/indent/lua.vim"
finished sourcing /usr/share/nvim/runtime/indent/lua.vim
continuing in <SNR>3_LoadIndent
finished sourcing nvim_exec2()
not found in runtime path: "parser/comment.*"
sourcing "nvim_exec2()"
finished sourcing nvim_exec2()
sourcing "nvim_exec2()"
finished sourcing nvim_exec2()
sourcing "nvim_exec2()"
finished sourcing nvim_exec2()
sourcing "nvim_exec2()"
finished sourcing nvim_exec2()
sourcing "nvim_exec2()"
finished sourcing nvim_exec2()
sourcing "nvim_exec2()"
finished sourcing nvim_exec2()
sourcing "nvim_exec2()"
finished sourcing nvim_exec2()

line 0: sourcing "nvim_exec2() called at BufEnter Autocommands for "*":0"
finished sourcing nvim_exec2() called at BufEnter Autocommands for "*":0
continuing in BufEnter Autocommands for "*"
line 0: sourcing "nvim_exec2() called at BufEnter Autocommands for "*":0"
finished sourcing nvim_exec2() called at BufEnter Autocommands for "*":0
continuing in BufEnter Autocommands for "*"
sourcing "nvim_exec2()"
finished sourcing nvim_exec2()
not found in runtime path: "ftplugin/fidget[.]{vim,lua} ftplugin/fidget_*.{vim,lua} ftplugin/fidget/*.{vim,lua}"
not found in runtime path: "indent/fidget[.]{vim,lua}"
not found in runtime path: "parser/fidget.*"
sourcing "nvim_exec2()"
finished sourcing nvim_exec2()
not found in runtime path: "ftplugin/noice[.]{vim,lua} ftplugin/noice_*.{vim,lua} ftplugin/noice/*.{vim,lua}"
not found in runtime path: "indent/noice[.]{vim,lua}"
not found in runtime path: "parser/noice.*"
sourcing "nvim_exec2()"
finished sourcing nvim_exec2()
sourcing "nvim_exec2()"
finished sourcing nvim_exec2()
sourcing "nvim_exec2()"
finished sourcing nvim_exec2()
sourcing "nvim_exec2()"
finished sourcing nvim_exec2()
line 0: sourcing "nvim_exec2() called at ModeChanged Autocommands for "*":0"
finished sourcing nvim_exec2() called at ModeChanged Autocommands for "*":0
continuing in ModeChanged Autocommands for "*"
line 0: sourcing "nvim_exec2() called at ModeChanged Autocommands for "*":0"
finished sourcing nvim_exec2() called at ModeChanged Autocommands for "*":0
continuing in ModeChanged Autocommands for "*"
line 0: sourcing "nvim_exec2() called at ModeChanged Autocommands for "*":0"
finished sourcing nvim_exec2() called at ModeChanged Autocommands for "*":0
continuing in ModeChanged Autocommands for "*"
sourcing "nvim_exec2()"
finished sourcing nvim_exec2()
sourcing "nvim_exec2()"
finished sourcing nvim_exec2()
sourcing "nvim_exec2()"
finished sourcing nvim_exec2()
sourcing "nvim_exec2()"
finished sourcing nvim_exec2()
sourcing "nvim_exec2()"
finished sourcing nvim_exec2()
sourcing "nvim_exec2()"
finished sourcing nvim_exec2()
sourcing "nvim_exec2()"
finished sourcing nvim_exec2()
sourcing "nvim_exec2()"
finished sourcing nvim_exec2()
sourcing "nvim_exec2()"
finished sourcing nvim_exec2()
sourcing "nvim_exec2()"
finished sourcing nvim_exec2()
sourcing "nvim_exec2()"
finished sourcing nvim_exec2()
sourcing "nvim_exec2()"
finished sourcing nvim_exec2()
sourcing "nvim_exec2()"
finished sourcing nvim_exec2()
sourcing "nvim_exec2()"
finished sourcing nvim_exec2()
sourcing "nvim_exec2()"
finished sourcing nvim_exec2()
sourcing "nvim_exec2()"
finished sourcing nvim_exec2()
sourcing "nvim_exec2()"
finished sourcing nvim_exec2()
sourcing "nvim_exec2()"
finished sourcing nvim_exec2()
sourcing "nvim_exec2()"
finished sourcing nvim_exec2()
sourcing "nvim_exec2()"
finished sourcing nvim_exec2()
not found in runtime path: "ftplugin/99[.]{vim,lua} ftplugin/99_*.{vim,lua} ftplugin/99/*.{vim,lua}"
not found in runtime path: "indent/99[.]{vim,lua}"
not found in runtime path: "parser/99.*"
not found in runtime path: "ftplugin/99prompt[.]{vim,lua} ftplugin/99prompt_*.{vim,lua} ftplugin/99prompt/*.{vim,lua}"
not found in runtime path: "indent/99prompt[.]{vim,lua}"
not found in runtime path: "parser/99prompt.*"
sourcing "nvim_exec2()"
finished sourcing nvim_exec2()
sourcing "nvim_exec2()"
finished sourcing nvim_exec2()
not found in runtime path: "parser/99prompt.*"
sourcing "nvim_exec2()"
finished sourcing nvim_exec2()
sourcing "nvim_exec2()"
finished sourcing nvim_exec2()
sourcing "nvim_exec2()"
finished sourcing nvim_exec2()
sourcing "nvim_exec2()"
finished sourcing nvim_exec2()
sourcing "nvim_exec2()"
finished sourcing nvim_exec2()
sourcing "nvim_exec2()"
finished sourcing nvim_exec2()

sourcing "nvim_exec2()"
finished sourcing nvim_exec2()
not found in runtime path: "parser/99prompt.*"
sourcing "nvim_exec2()"
finished sourcing nvim_exec2()
sourcing "nvim_exec2()"
finished sourcing nvim_exec2()
not found in runtime path: "parser/99prompt.*"
not found in runtime path: "parser/99prompt.*"
sourcing "nvim_exec2()"
finished sourcing nvim_exec2()
sourcing "nvim_exec2()"
finished sourcing nvim_exec2()
not found in runtime path: "parser/99prompt.*"
sourcing "nvim_exec2()"
finished sourcing nvim_exec2()
not found in runtime path: "parser/99prompt.*"
sourcing "nvim_exec2()"
finished sourcing nvim_exec2()
sourcing "nvim_exec2()"
finished sourcing nvim_exec2()

Error in BufWriteCmd Autocommands for "<buffer=9>":
                                                   Lua callback: /home/dan/.local/share/nvim/lazy/99/lua/99/prompt.lua:304: attempt to call method 'make_request' (a nil value)
stack traceback:
	/home/dan/.local/share/nvim/lazy/99/lua/99/prompt.lua:304: in function 'start_request'
	.../dan/.local/share/nvim/lazy/99/lua/99/ops/over-range.lua:56: in function 'cb'
	/home/dan/.local/share/nvim/lazy/99/lua/99/init.lua:255: in function 'cb'
	/home/dan/.local/share/nvim/lazy/99/lua/99/window/init.lua:503: in function </home/dan/.local/share/nvim/lazy/99/lua/99/window/init.lua:496>
sourcing "nvim_exec2()"
finished sourcing nvim_exec2()
not found in runtime path: "ftplugin/notify[.]{vim,lua} ftplugin/notify_*.{vim,lua} ftplugin/notify/*.{vim,lua}"
not found in runtime path: "indent/notify[.]{vim,lua}"
not found in runtime path: "parser/notify.*"

Writing ShaDa file "/home/dan/.local/state/nvim/shada/main.shada"